
Discarded input sections

 .group         0x00000000        0x8 build/main.o
 .note.GNU-stack
                0x00000000        0x0 build/main.o
 .group         0x00000000        0x8 build/init.o
 .text.__x86.get_pc_thunk.bx
                0x00000000        0x4 build/init.o
 .note.GNU-stack
                0x00000000        0x0 build/init.o
 .group         0x00000000        0x8 build/interrupt.o
 .group         0x00000000        0x8 build/interrupt.o
 .text.__x86.get_pc_thunk.bx
                0x00000000        0x4 build/interrupt.o
 .note.GNU-stack
                0x00000000        0x0 build/interrupt.o
 .group         0x00000000        0x8 build/time.o
 .group         0x00000000        0x8 build/time.o
 .text.__x86.get_pc_thunk.ax
                0x00000000        0x4 build/time.o
 .text.__x86.get_pc_thunk.bx
                0x00000000        0x4 build/time.o
 .note.GNU-stack
                0x00000000        0x0 build/time.o
 .group         0x00000000        0x8 build/debug.o
 .text.__x86.get_pc_thunk.bx
                0x00000000        0x4 build/debug.o
 .note.GNU-stack
                0x00000000        0x0 build/debug.o

Memory Configuration

Name             Origin             Length             Attributes
*default*        0x00000000         0xffffffff

Linker script and memory map

Address of section .text set to 0xc0001500
LOAD build/main.o
LOAD build/init.o
LOAD build/interrupt.o
LOAD build/time.o
LOAD build/kernel.o
LOAD build/print.o
LOAD build/debug.o
                [!provide]                        PROVIDE (__executable_start = SEGMENT_START ("text-segment", 0x8048000))
                0x080480f4                        . = (SEGMENT_START ("text-segment", 0x8048000) + SIZEOF_HEADERS)

.interp
 *(.interp)

.note.gnu.build-id
 *(.note.gnu.build-id)

.hash
 *(.hash)

.gnu.hash
 *(.gnu.hash)

.dynsym
 *(.dynsym)

.dynstr
 *(.dynstr)

.gnu.version
 *(.gnu.version)

.gnu.version_d
 *(.gnu.version_d)

.gnu.version_r
 *(.gnu.version_r)

.rel.dyn        0x080480f4        0x0
 *(.rel.init)
 *(.rel.text .rel.text.* .rel.gnu.linkonce.t.*)
 *(.rel.fini)
 *(.rel.rodata .rel.rodata.* .rel.gnu.linkonce.r.*)
 *(.rel.data.rel.ro .rel.data.rel.ro.* .rel.gnu.linkonce.d.rel.ro.*)
 *(.rel.data .rel.data.* .rel.gnu.linkonce.d.*)
 *(.rel.tdata .rel.tdata.* .rel.gnu.linkonce.td.*)
 *(.rel.tbss .rel.tbss.* .rel.gnu.linkonce.tb.*)
 *(.rel.ctors)
 *(.rel.dtors)
 *(.rel.got)
 .rel.got       0x080480f4        0x0 build/main.o
 *(.rel.bss .rel.bss.* .rel.gnu.linkonce.b.*)
 *(.rel.ifunc)

.rel.plt        0x080480f4        0x0
 *(.rel.plt)
                [!provide]                        PROVIDE (__rel_iplt_start = .)
 *(.rel.iplt)
 .rel.iplt      0x080480f4        0x0 build/main.o
                [!provide]                        PROVIDE (__rel_iplt_end = .)

.relr.dyn
 *(.relr.dyn)
                0x08049000                        . = ALIGN (CONSTANT (MAXPAGESIZE))

.init
 *(SORT_NONE(.init))

.plt            0x08049000        0x0
 *(.plt)
 *(.iplt)
 .iplt          0x08049000        0x0 build/main.o

.plt.got
 *(.plt.got)

.plt.sec
 *(.plt.sec)

.text           0xc0001500      0xbc3
 *(.text.unlikely .text.*_unlikely .text.unlikely.*)
 *(.text.exit .text.exit.*)
 *(.text.startup .text.startup.*)
 *(.text.hot .text.hot.*)
 *(SORT_BY_NAME(.text.sorted.*))
 *(.text .stub .text.* .gnu.linkonce.t.*)
 .text          0xc0001500       0x53 build/main.o
                0xc0001500                main
 .text.__x86.get_pc_thunk.bx
                0xc0001553        0x4 build/main.o
                0xc0001553                __x86.get_pc_thunk.bx
 .text          0xc0001557       0x34 build/init.o
                0xc0001557                init_all
 .text          0xc000158b      0x42e build/interrupt.o
                0xc00018a7                idt_init
                0xc0001913                intr_get_status
                0xc0001941                intr_enable
                0xc0001973                intr_disable
                0xc00019a5                intr_set_status
 .text.__x86.get_pc_thunk.ax
                0xc00019b9        0x4 build/interrupt.o
                0xc00019b9                __x86.get_pc_thunk.ax
 .text          0xc00019bd      0x114 build/time.o
                0xc0001a7d                timer_init
 *fill*         0xc0001ad1        0xf 
 .text          0xc0001ae0      0x393 build/kernel.o
                0xc0001ae0                intr_exit
 *fill*         0xc0001e73        0xd 
 .text          0xc0001e80      0x14e build/print.o
                0xc0001e80                put_str
                0xc0001e9e                put_char
                0xc0001f6b                put_int
 .text          0xc0001fce       0xf5 build/debug.o
                0xc0001fce                panic_spin
 *(.gnu.warning)

.fini
 *(SORT_NONE(.fini))
                [!provide]                        PROVIDE (__etext = .)
                [!provide]                        PROVIDE (_etext = .)
                [!provide]                        PROVIDE (etext = .)
                0xc0003000                        . = ALIGN (CONSTANT (MAXPAGESIZE))
                0xc0003000                        . = SEGMENT_START ("rodata-segment", (ALIGN (CONSTANT (MAXPAGESIZE)) + (. & (CONSTANT (MAXPAGESIZE) - 0x1))))

.rodata         0xc0003000      0x2f9
 *(.rodata .rodata.* .gnu.linkonce.r.*)
 .rodata        0xc0003000       0x25 build/main.o
 .rodata        0xc0003025        0xa build/init.o
 *fill*         0xc000302f        0x1 
 .rodata        0xc0003030      0x265 build/interrupt.o
 .rodata        0xc0003295       0x23 build/time.o
 .rodata        0xc00032b8       0x41 build/debug.o

.rodata1
 *(.rodata1)

.eh_frame_hdr
 *(.eh_frame_hdr)
 *(.eh_frame_entry .eh_frame_entry.*)

.eh_frame       0xc00032fc      0x288
 *(.eh_frame)
 .eh_frame      0xc00032fc       0x54 build/main.o
 .eh_frame      0xc0003350       0x24 build/init.o
                                 0x50 (size before relaxing)
 .eh_frame      0xc0003374      0x184 build/interrupt.o
                                0x1b0 (size before relaxing)
 .eh_frame      0xc00034f8       0x70 build/time.o
                                 0xb0 (size before relaxing)
 .eh_frame      0xc0003568       0x1c build/debug.o
                                 0x48 (size before relaxing)
 *(.eh_frame.*)

.sframe
 *(.sframe)
 *(.sframe.*)

.gcc_except_table
 *(.gcc_except_table .gcc_except_table.*)

.gnu_extab
 *(.gnu_extab*)

.exception_ranges
 *(.exception_ranges*)
                0xc0004ff4                        . = DATA_SEGMENT_ALIGN (CONSTANT (MAXPAGESIZE), CONSTANT (COMMONPAGESIZE))

.eh_frame
 *(.eh_frame)
 *(.eh_frame.*)

.sframe
 *(.sframe)
 *(.sframe.*)

.gnu_extab
 *(.gnu_extab)

.gcc_except_table
 *(.gcc_except_table .gcc_except_table.*)

.exception_ranges
 *(.exception_ranges*)

.tdata          0xc0004ff4        0x0
                [!provide]                        PROVIDE (__tdata_start = .)
 *(.tdata .tdata.* .gnu.linkonce.td.*)

.tbss
 *(.tbss .tbss.* .gnu.linkonce.tb.*)
 *(.tcommon)

.preinit_array  0xc0004ff4        0x0
                [!provide]                        PROVIDE (__preinit_array_start = .)
 *(.preinit_array)
                [!provide]                        PROVIDE (__preinit_array_end = .)

.init_array     0xc0004ff4        0x0
                [!provide]                        PROVIDE (__init_array_start = .)
 *(SORT_BY_INIT_PRIORITY(.init_array.*) SORT_BY_INIT_PRIORITY(.ctors.*))
 *(.init_array EXCLUDE_FILE(*crtend?.o *crtend.o *crtbegin?.o *crtbegin.o) .ctors)
                [!provide]                        PROVIDE (__init_array_end = .)

.fini_array     0xc0004ff4        0x0
                [!provide]                        PROVIDE (__fini_array_start = .)
 *(SORT_BY_INIT_PRIORITY(.fini_array.*) SORT_BY_INIT_PRIORITY(.dtors.*))
 *(.fini_array EXCLUDE_FILE(*crtend?.o *crtend.o *crtbegin?.o *crtbegin.o) .dtors)
                [!provide]                        PROVIDE (__fini_array_end = .)

.ctors
 *crtbegin.o(.ctors)
 *crtbegin?.o(.ctors)
 *(EXCLUDE_FILE(*crtend?.o *crtend.o) .ctors)
 *(SORT_BY_NAME(.ctors.*))
 *(.ctors)

.dtors
 *crtbegin.o(.dtors)
 *crtbegin?.o(.dtors)
 *(EXCLUDE_FILE(*crtend?.o *crtend.o) .dtors)
 *(SORT_BY_NAME(.dtors.*))
 *(.dtors)

.jcr
 *(.jcr)

.data.rel.ro
 *(.data.rel.ro.local* .gnu.linkonce.d.rel.ro.local.*)
 *(.data.rel.ro .data.rel.ro.* .gnu.linkonce.d.rel.ro.*)

.dynamic
 *(.dynamic)

.got            0xc0004ff4        0x0
 *(.got)
 .got           0xc0004ff4        0x0 build/main.o
 *(.igot)
                0xc0004ff4                        . = DATA_SEGMENT_RELRO_END (., (SIZEOF (.got.plt) >= 0xc)?0xc:0x0)

.got.plt        0xc0004ff4        0xc
 *(.got.plt)
 .got.plt       0xc0004ff4        0xc build/main.o
                0xc0004ff4                _GLOBAL_OFFSET_TABLE_
 *(.igot.plt)
 .igot.plt      0xc0005000        0x0 build/main.o

.data           0xc0005000       0x8c
 *(.data .data.* .gnu.linkonce.d.*)
 .data          0xc0005000        0x0 build/main.o
 .data          0xc0005000        0x0 build/init.o
 .data          0xc0005000        0x0 build/interrupt.o
 .data          0xc0005000        0x0 build/time.o
 .data          0xc0005000       0x84 build/kernel.o
                0xc0005000                intr_entry_table
 .data          0xc0005084        0x8 build/print.o
 .data          0xc000508c        0x0 build/debug.o

.data1
 *(.data1)
                0xc000508c                        _edata = .
                [!provide]                        PROVIDE (edata = .)
                0xc000508c                        . = ALIGN (ALIGNOF (NEXT_SECTION))
                0xc00050a0                        __bss_start = .

.bss            0xc00050a0      0x248
 *(.dynbss)
 *(.bss .bss.* .gnu.linkonce.b.*)
 .bss           0xc00050a0        0x0 build/main.o
 .bss           0xc00050a0        0x0 build/init.o
 .bss           0xc00050a0      0x248 build/interrupt.o
                0xc00050a0                intr_name
                0xc0005140                idt_table
 .bss           0xc00052e8        0x0 build/time.o
 .bss           0xc00052e8        0x0 build/debug.o
 *(COMMON)
                0xc00052e8                        . = ALIGN ((. != 0x0)?0x4:0x1)
                0xc00052e8                        . = ALIGN (0x4)
                0xc00052e8                        . = SEGMENT_START ("ldata-segment", .)
                0xc00052e8                        . = ALIGN (0x4)
                0xc00052e8                        _end = .
                [!provide]                        PROVIDE (end = .)
                0xc00052e8                        . = DATA_SEGMENT_END (.)

.stab
 *(.stab)

.stabstr
 *(.stabstr)

.stab.excl
 *(.stab.excl)

.stab.exclstr
 *(.stab.exclstr)

.stab.index
 *(.stab.index)

.stab.indexstr
 *(.stab.indexstr)

.comment        0x00000000       0x26
 *(.comment)
 .comment       0x00000000       0x26 build/main.o
                                 0x27 (size before relaxing)
 .comment       0x00000026       0x27 build/init.o
 .comment       0x00000026       0x27 build/interrupt.o
 .comment       0x00000026       0x27 build/time.o
 .comment       0x00000026       0x27 build/debug.o

.gnu.build.attributes
 *(.gnu.build.attributes .gnu.build.attributes.*)

.debug
 *(.debug)

.line
 *(.line)

.debug_srcinfo
 *(.debug_srcinfo)

.debug_sfnames
 *(.debug_sfnames)

.debug_aranges
 *(.debug_aranges)

.debug_pubnames
 *(.debug_pubnames)

.debug_info
 *(.debug_info .gnu.linkonce.wi.*)

.debug_abbrev
 *(.debug_abbrev)

.debug_line
 *(.debug_line .debug_line.* .debug_line_end)

.debug_frame
 *(.debug_frame)

.debug_str
 *(.debug_str)

.debug_loc
 *(.debug_loc)

.debug_macinfo
 *(.debug_macinfo)

.debug_weaknames
 *(.debug_weaknames)

.debug_funcnames
 *(.debug_funcnames)

.debug_typenames
 *(.debug_typenames)

.debug_varnames
 *(.debug_varnames)

.debug_pubtypes
 *(.debug_pubtypes)

.debug_ranges
 *(.debug_ranges)

.debug_addr
 *(.debug_addr)

.debug_line_str
 *(.debug_line_str)

.debug_loclists
 *(.debug_loclists)

.debug_macro
 *(.debug_macro)

.debug_names
 *(.debug_names)

.debug_rnglists
 *(.debug_rnglists)

.debug_str_offsets
 *(.debug_str_offsets)

.debug_sup
 *(.debug_sup)

.gnu.attributes
 *(.gnu.attributes)

/DISCARD/
 *(.note.GNU-stack)
 *(.gnu_debuglink)
 *(.gnu.lto_*)
OUTPUT(build/kernel.bin elf32-i386)
