
Discarded input sections

 .group         0x00000000        0x8 build/main.o
 .note.GNU-stack
                0x00000000        0x0 build/main.o
 .group         0x00000000        0x8 build/init.o
 .text.__x86.get_pc_thunk.bx
                0x00000000        0x4 build/init.o
 .note.GNU-stack
                0x00000000        0x0 build/init.o
 .group         0x00000000        0x8 build/interrupt.o
 .group         0x00000000        0x8 build/interrupt.o
 .text.__x86.get_pc_thunk.bx
                0x00000000        0x4 build/interrupt.o
 .note.GNU-stack
                0x00000000        0x0 build/interrupt.o
 .group         0x00000000        0x8 build/time.o
 .group         0x00000000        0x8 build/time.o
 .text.__x86.get_pc_thunk.ax
                0x00000000        0x4 build/time.o
 .text.__x86.get_pc_thunk.bx
                0x00000000        0x4 build/time.o
 .note.GNU-stack
                0x00000000        0x0 build/time.o
 .group         0x00000000        0x8 build/debug.o
 .text.__x86.get_pc_thunk.bx
                0x00000000        0x4 build/debug.o
 .note.GNU-stack
                0x00000000        0x0 build/debug.o
 .group         0x00000000        0x8 build/memory.o
 .group         0x00000000        0x8 build/memory.o
 .text.__x86.get_pc_thunk.ax
                0x00000000        0x4 build/memory.o
 .text.__x86.get_pc_thunk.bx
                0x00000000        0x4 build/memory.o
 .note.GNU-stack
                0x00000000        0x0 build/memory.o
 .group         0x00000000        0x8 build/bitmap.o
 .text.__x86.get_pc_thunk.ax
                0x00000000        0x4 build/bitmap.o
 .note.GNU-stack
                0x00000000        0x0 build/bitmap.o
 .group         0x00000000        0x8 build/string.o
 .text.__x86.get_pc_thunk.ax
                0x00000000        0x4 build/string.o
 .note.GNU-stack
                0x00000000        0x0 build/string.o
 .group         0x00000000        0x8 build/thread.o
 .group         0x00000000        0x8 build/thread.o
 .group         0x00000000        0x8 build/thread.o
 .text.__x86.get_pc_thunk.ax
                0x00000000        0x4 build/thread.o
 .text.__x86.get_pc_thunk.bx
                0x00000000        0x4 build/thread.o
 .note.GNU-stack
                0x00000000        0x0 build/thread.o
 .group         0x00000000        0x8 build/list.o
 .group         0x00000000        0x8 build/list.o
 .text.__x86.get_pc_thunk.ax
                0x00000000        0x4 build/list.o
 .text.__x86.get_pc_thunk.bx
                0x00000000        0x4 build/list.o
 .note.GNU-stack
                0x00000000        0x0 build/list.o
 .group         0x00000000        0x8 build/keyboard.o
 .group         0x00000000        0x8 build/keyboard.o
 .text.__x86.get_pc_thunk.ax
                0x00000000        0x4 build/keyboard.o
 .text.__x86.get_pc_thunk.bx
                0x00000000        0x4 build/keyboard.o
 .note.GNU-stack
                0x00000000        0x0 build/keyboard.o
 .group         0x00000000        0x8 build/console.o
 .group         0x00000000        0x8 build/console.o
 .text.__x86.get_pc_thunk.ax
                0x00000000        0x4 build/console.o
 .text.__x86.get_pc_thunk.bx
                0x00000000        0x4 build/console.o
 .note.GNU-stack
                0x00000000        0x0 build/console.o
 .group         0x00000000        0x8 build/sync.o
 .group         0x00000000        0x8 build/sync.o
 .text.__x86.get_pc_thunk.ax
                0x00000000        0x4 build/sync.o
 .text.__x86.get_pc_thunk.bx
                0x00000000        0x4 build/sync.o
 .note.GNU-stack
                0x00000000        0x0 build/sync.o
 .group         0x00000000        0x8 build/ioqueue.o
 .group         0x00000000        0x8 build/ioqueue.o
 .text.__x86.get_pc_thunk.ax
                0x00000000        0x4 build/ioqueue.o
 .text.__x86.get_pc_thunk.bx
                0x00000000        0x4 build/ioqueue.o
 .note.GNU-stack
                0x00000000        0x0 build/ioqueue.o

Memory Configuration

Name             Origin             Length             Attributes
*default*        0x00000000         0xffffffff

Linker script and memory map

Address of section .text set to 0xc0001500
LOAD build/main.o
LOAD build/init.o
LOAD build/interrupt.o
LOAD build/time.o
LOAD build/kernel.o
LOAD build/print.o
LOAD build/debug.o
LOAD build/memory.o
LOAD build/bitmap.o
LOAD build/string.o
LOAD build/thread.o
LOAD build/list.o
LOAD build/switch.o
LOAD build/keyboard.o
LOAD build/console.o
LOAD build/sync.o
LOAD build/ioqueue.o
                [!provide]                        PROVIDE (__executable_start = SEGMENT_START ("text-segment", 0x8048000))
                0x080480f4                        . = (SEGMENT_START ("text-segment", 0x8048000) + SIZEOF_HEADERS)

.interp
 *(.interp)

.note.gnu.build-id
 *(.note.gnu.build-id)

.hash
 *(.hash)

.gnu.hash
 *(.gnu.hash)

.dynsym
 *(.dynsym)

.dynstr
 *(.dynstr)

.gnu.version
 *(.gnu.version)

.gnu.version_d
 *(.gnu.version_d)

.gnu.version_r
 *(.gnu.version_r)

.rel.dyn        0x080480f4        0x0
 *(.rel.init)
 *(.rel.text .rel.text.* .rel.gnu.linkonce.t.*)
 *(.rel.fini)
 *(.rel.rodata .rel.rodata.* .rel.gnu.linkonce.r.*)
 *(.rel.data.rel.ro .rel.data.rel.ro.* .rel.gnu.linkonce.d.rel.ro.*)
 *(.rel.data .rel.data.* .rel.gnu.linkonce.d.*)
 *(.rel.tdata .rel.tdata.* .rel.gnu.linkonce.td.*)
 *(.rel.tbss .rel.tbss.* .rel.gnu.linkonce.tb.*)
 *(.rel.ctors)
 *(.rel.dtors)
 *(.rel.got)
 .rel.got       0x080480f4        0x0 build/main.o
 *(.rel.bss .rel.bss.* .rel.gnu.linkonce.b.*)
 *(.rel.ifunc)

.rel.plt        0x080480f4        0x0
 *(.rel.plt)
                [!provide]                        PROVIDE (__rel_iplt_start = .)
 *(.rel.iplt)
 .rel.iplt      0x080480f4        0x0 build/main.o
                [!provide]                        PROVIDE (__rel_iplt_end = .)

.relr.dyn
 *(.relr.dyn)
                0x08049000                        . = ALIGN (CONSTANT (MAXPAGESIZE))

.init
 *(SORT_NONE(.init))

.plt            0x08049000        0x0
 *(.plt)
 *(.iplt)
 .iplt          0x08049000        0x0 build/main.o

.plt.got
 *(.plt.got)

.plt.sec
 *(.plt.sec)

.text           0xc0001500     0x3047
 *(.text.unlikely .text.*_unlikely .text.unlikely.*)
 *(.text.exit .text.exit.*)
 *(.text.startup .text.startup.*)
 *(.text.hot .text.hot.*)
 *(SORT_BY_NAME(.text.sorted.*))
 *(.text .stub .text.* .gnu.linkonce.t.*)
 .text          0xc0001500       0x39 build/main.o
                0xc0001500                main
 .text.__x86.get_pc_thunk.bx
                0xc0001539        0x4 build/main.o
                0xc0001539                __x86.get_pc_thunk.bx
 .text          0xc000153d       0x48 build/init.o
                0xc000153d                init_all
 .text          0xc0001585      0x4f5 build/interrupt.o
                0xc000180a                register_handler
                0xc000195b                idt_init
                0xc00019c7                intr_get_status
                0xc00019f5                intr_enable
                0xc0001a27                intr_disable
                0xc0001a59                intr_set_status
 .text.__x86.get_pc_thunk.ax
                0xc0001a7a        0x4 build/interrupt.o
                0xc0001a7a                __x86.get_pc_thunk.ax
 .text          0xc0001a7e      0x1b4 build/time.o
                0xc0001bca                timer_init
 *fill*         0xc0001c32        0xe 
 .text          0xc0001c40      0x537 build/kernel.o
                0xc0001c40                intr_exit
 *fill*         0xc0002177        0x9 
 .text          0xc0002180      0x14e build/print.o
                0xc0002180                put_str
                0xc000219e                put_char
                0xc000224d                set_cursor
                0xc000226b                put_int
 .text          0xc00022ce       0xf5 build/debug.o
                0xc00022ce                panic_spin
 .text          0xc00023c3      0x620 build/memory.o
                0xc000266a                pte_ptr
                0xc00026a4                pde_ptr
                0xc000286c                malloc_page
                0xc0002945                get_kernel_pages
                0xc000298f                mem_init
 .text          0xc00029e3      0x287 build/bitmap.o
                0xc00029e3                bitmap_init
                0xc0002a16                bitmap_scan_test
                0xc0002a5f                bitmap_scan
                0xc0002ba2                bitmap_set
 .text          0xc0002c6a      0x4b0 build/string.o
                0xc0002c6a                memset
                0xc0002cd3                memcpy
                0xc0002d4a                memcpm
                0xc0002de3                strcpy
                0xc0002e4e                strlen
                0xc0002eab                strcmp
                0xc0002f34                strchr
                0xc0002fa5                strrchr
                0xc000301c                strcat
                0xc000309f                strchrs
 .text          0xc000311a      0x654 build/thread.o
                0xc000311a                running_thread
                0xc0003165                thread_create
                0xc00031e9                init_thread
                0xc000328c                thread_start
                0xc000338e                schedule
                0xc0003570                thread_block
                0xc00035e8                thread_unblock
                0xc0003709                thread_init
 .text.__x86.get_pc_thunk.dx
                0xc000376e        0x4 build/thread.o
                0xc000376e                __x86.get_pc_thunk.dx
 .text          0xc0003772      0x25f build/list.o
                0xc0003772                list_init
                0xc00037aa                list_insert_before
                0xc00037fe                list_push
                0xc0003826                list_append
                0xc000384e                list_remove
                0xc0003897                list_pop
                0xc00038c3                elem_find
                0xc0003908                list_traversal
                0xc000396f                list_len
                0xc00039ae                list_empty
 *fill*         0xc00039d1        0xf 
 .text          0xc00039e0       0x15 build/switch.o
                0xc00039e0                switch_to
 .text          0xc00039f5      0x31d build/keyboard.o
                0xc0003cb0                keyboard_init
 .text          0xc0003d12      0x119 build/console.o
                0xc0003d12                console_init
                0xc0003d3d                console_acquire
                0xc0003d68                console_release
                0xc0003d93                console_put_str
                0xc0003dc3                console_put_char
                0xc0003dfb                console_put_int
 .text          0xc0003e2b      0x395 build/sync.o
                0xc0003e2b                sema_init
                0xc0003e65                lock_init
                0xc0003e9f                sema_down
                0xc0003fbb                sema_up
                0xc0004085                lock_acquire
                0xc000410b                lock_release
 .text          0xc00041c0      0x387 build/ioqueue.o
                0xc00041c0                ioqueue_init
                0xc000423a                ioq_full
                0xc00042f0                ioq_wait
                0xc00043a7                ioq_getchar
                0xc0004474                ioq_putchar
 *(.gnu.warning)

.fini
 *(SORT_NONE(.fini))
                [!provide]                        PROVIDE (__etext = .)
                [!provide]                        PROVIDE (_etext = .)
                [!provide]                        PROVIDE (etext = .)
                0xc0005000                        . = ALIGN (CONSTANT (MAXPAGESIZE))
                0xc0005000                        . = SEGMENT_START ("rodata-segment", (ALIGN (CONSTANT (MAXPAGESIZE)) + (. & (CONSTANT (MAXPAGESIZE) - 0x1))))

.rodata         0xc0005000      0xad0
 *(.rodata .rodata.* .gnu.linkonce.r.*)
 .rodata        0xc0005000        0xd build/main.o
 .rodata        0xc000500d        0xa build/init.o
 *fill*         0xc0005017        0x1 
 .rodata        0xc0005018      0x2d5 build/interrupt.o
 *fill*         0xc00052ed        0x3 
 .rodata        0xc00052f0       0x6b build/time.o
 .rodata        0xc000535b       0x41 build/debug.o
 .rodata        0xc000539c      0x138 build/memory.o
 .rodata        0xc00054d4       0x6b build/bitmap.o
 *fill*         0xc000553f        0x1 
 .rodata        0xc0005540       0xac build/string.o
 .rodata        0xc00055ec      0x2cb build/thread.o
 .rodata        0xc00058b7       0x36 build/keyboard.o
 *fill*         0xc00058ed        0x3 
 .rodata        0xc00058f0      0x135 build/sync.o
 *fill*         0xc0005a25        0x3 
 .rodata        0xc0005a28       0xa8 build/ioqueue.o

.rodata1
 *(.rodata1)

.eh_frame_hdr
 *(.eh_frame_hdr)
 *(.eh_frame_entry .eh_frame_entry.*)

.eh_frame       0xc0005ad0      0xbf4
 *(.eh_frame)
 .eh_frame      0xc0005ad0       0x54 build/main.o
 .eh_frame      0xc0005b24       0x24 build/init.o
                                 0x50 (size before relaxing)
 .eh_frame      0xc0005b48      0x1a4 build/interrupt.o
                                0x1d0 (size before relaxing)
 .eh_frame      0xc0005cec       0x94 build/time.o
                                 0xd4 (size before relaxing)
 .eh_frame      0xc0005d80       0x1c build/debug.o
                                 0x48 (size before relaxing)
 .eh_frame      0xc0005d9c      0x13c build/memory.o
                                0x17c (size before relaxing)
 .eh_frame      0xc0005ed8       0x90 build/bitmap.o
                                 0xbc (size before relaxing)
 .eh_frame      0xc0005f68      0x168 build/string.o
                                0x194 (size before relaxing)
 .eh_frame      0xc00060d0      0x174 build/thread.o
                                0x1b4 (size before relaxing)
 .eh_frame      0xc0006244      0x148 build/list.o
                                0x188 (size before relaxing)
 .eh_frame      0xc000638c       0x68 build/keyboard.o
                                 0xa8 (size before relaxing)
 .eh_frame      0xc00063f4       0xd8 build/console.o
                                0x118 (size before relaxing)
 .eh_frame      0xc00064cc       0xdc build/sync.o
                                0x11c (size before relaxing)
 .eh_frame      0xc00065a8      0x11c build/ioqueue.o
                                0x15c (size before relaxing)
 *(.eh_frame.*)

.sframe
 *(.sframe)
 *(.sframe.*)

.gcc_except_table
 *(.gcc_except_table .gcc_except_table.*)

.gnu_extab
 *(.gnu_extab*)

.exception_ranges
 *(.exception_ranges*)
                0xc0007ff4                        . = DATA_SEGMENT_ALIGN (CONSTANT (MAXPAGESIZE), CONSTANT (COMMONPAGESIZE))

.eh_frame
 *(.eh_frame)
 *(.eh_frame.*)

.sframe
 *(.sframe)
 *(.sframe.*)

.gnu_extab
 *(.gnu_extab)

.gcc_except_table
 *(.gcc_except_table .gcc_except_table.*)

.exception_ranges
 *(.exception_ranges*)

.tdata          0xc0007ff4        0x0
                [!provide]                        PROVIDE (__tdata_start = .)
 *(.tdata .tdata.* .gnu.linkonce.td.*)

.tbss
 *(.tbss .tbss.* .gnu.linkonce.tb.*)
 *(.tcommon)

.preinit_array  0xc0007ff4        0x0
                [!provide]                        PROVIDE (__preinit_array_start = .)
 *(.preinit_array)
                [!provide]                        PROVIDE (__preinit_array_end = .)

.init_array     0xc0007ff4        0x0
                [!provide]                        PROVIDE (__init_array_start = .)
 *(SORT_BY_INIT_PRIORITY(.init_array.*) SORT_BY_INIT_PRIORITY(.ctors.*))
 *(.init_array EXCLUDE_FILE(*crtend?.o *crtend.o *crtbegin?.o *crtbegin.o) .ctors)
                [!provide]                        PROVIDE (__init_array_end = .)

.fini_array     0xc0007ff4        0x0
                [!provide]                        PROVIDE (__fini_array_start = .)
 *(SORT_BY_INIT_PRIORITY(.fini_array.*) SORT_BY_INIT_PRIORITY(.dtors.*))
 *(.fini_array EXCLUDE_FILE(*crtend?.o *crtend.o *crtbegin?.o *crtbegin.o) .dtors)
                [!provide]                        PROVIDE (__fini_array_end = .)

.ctors
 *crtbegin.o(.ctors)
 *crtbegin?.o(.ctors)
 *(EXCLUDE_FILE(*crtend?.o *crtend.o) .ctors)
 *(SORT_BY_NAME(.ctors.*))
 *(.ctors)

.dtors
 *crtbegin.o(.dtors)
 *crtbegin?.o(.dtors)
 *(EXCLUDE_FILE(*crtend?.o *crtend.o) .dtors)
 *(SORT_BY_NAME(.dtors.*))
 *(.dtors)

.jcr
 *(.jcr)

.data.rel.ro
 *(.data.rel.ro.local* .gnu.linkonce.d.rel.ro.local.*)
 *(.data.rel.ro .data.rel.ro.* .gnu.linkonce.d.rel.ro.*)

.dynamic
 *(.dynamic)

.got            0xc0007ff4        0x0
 *(.got)
 .got           0xc0007ff4        0x0 build/main.o
 *(.igot)
                0xc0007ff4                        . = DATA_SEGMENT_RELRO_END (., (SIZEOF (.got.plt) >= 0xc)?0xc:0x0)

.got.plt        0xc0007ff4        0xc
 *(.got.plt)
 .got.plt       0xc0007ff4        0xc build/main.o
                0xc0007ff4                _GLOBAL_OFFSET_TABLE_
 *(.igot.plt)
 .igot.plt      0xc0008000        0x0 build/main.o

.data           0xc0008000      0x156
 *(.data .data.* .gnu.linkonce.d.*)
 .data          0xc0008000        0x0 build/main.o
 .data          0xc0008000        0x0 build/init.o
 .data          0xc0008000        0x0 build/interrupt.o
 .data          0xc0008000        0x0 build/time.o
 .data          0xc0008000       0xc0 build/kernel.o
                0xc0008000                intr_entry_table
 .data          0xc00080c0        0x8 build/print.o
 .data          0xc00080c8        0x0 build/debug.o
 .data          0xc00080c8        0x0 build/memory.o
 .data          0xc00080c8        0x0 build/bitmap.o
 .data          0xc00080c8        0x0 build/string.o
 .data          0xc00080c8        0x0 build/thread.o
 .data          0xc00080c8        0x0 build/list.o
 *fill*         0xc00080c8       0x18 
 .data          0xc00080e0       0x76 build/keyboard.o
 .data          0xc0008156        0x0 build/console.o
 .data          0xc0008156        0x0 build/sync.o
 .data          0xc0008156        0x0 build/ioqueue.o

.data1
 *(.data1)
                0xc0008156                        _edata = .
                [!provide]                        PROVIDE (edata = .)
                0xc0008158                        . = ALIGN (ALIGNOF (NEXT_SECTION))
                0xc0008160                        __bss_start = .

.bss            0xc0008160      0x3fc
 *(.dynbss)
 *(.bss .bss.* .gnu.linkonce.b.*)
 .bss           0xc0008160        0x0 build/main.o
 .bss           0xc0008160        0x0 build/init.o
 .bss           0xc0008160      0x300 build/interrupt.o
                0xc0008160                intr_name
                0xc0008220                idt_table
 .bss           0xc0008460        0x4 build/time.o
                0xc0008460                ticks
 .bss           0xc0008464        0x0 build/debug.o
 .bss           0xc0008464       0x2c build/memory.o
                0xc0008464                kernel_pool
                0xc0008474                user_pool
                0xc0008484                kernel_vaddr
 .bss           0xc0008490        0x0 build/bitmap.o
 .bss           0xc0008490        0x0 build/string.o
 .bss           0xc0008490       0x28 build/thread.o
                0xc0008490                main_thread
                0xc0008494                thread_ready_list
                0xc00084a4                thread_all_list
 .bss           0xc00084b8        0x0 build/list.o
 *fill*         0xc00084b8        0x8 
 .bss           0xc00084c0       0x80 build/keyboard.o
                0xc00084c0                kbd_buf
 .bss           0xc0008540       0x1c build/console.o
 .bss           0xc000855c        0x0 build/sync.o
 .bss           0xc000855c        0x0 build/ioqueue.o
 *(COMMON)
                0xc000855c                        . = ALIGN ((. != 0x0)?0x4:0x1)
                0xc000855c                        . = ALIGN (0x4)
                0xc000855c                        . = SEGMENT_START ("ldata-segment", .)
                0xc000855c                        . = ALIGN (0x4)
                0xc000855c                        _end = .
                [!provide]                        PROVIDE (end = .)
                0xc000855c                        . = DATA_SEGMENT_END (.)

.stab
 *(.stab)

.stabstr
 *(.stabstr)

.stab.excl
 *(.stab.excl)

.stab.exclstr
 *(.stab.exclstr)

.stab.index
 *(.stab.index)

.stab.indexstr
 *(.stab.indexstr)

.comment        0x00000000       0x26
 *(.comment)
 .comment       0x00000000       0x26 build/main.o
                                 0x27 (size before relaxing)
 .comment       0x00000026       0x27 build/init.o
 .comment       0x00000026       0x27 build/interrupt.o
 .comment       0x00000026       0x27 build/time.o
 .comment       0x00000026       0x27 build/debug.o
 .comment       0x00000026       0x27 build/memory.o
 .comment       0x00000026       0x27 build/bitmap.o
 .comment       0x00000026       0x27 build/string.o
 .comment       0x00000026       0x27 build/thread.o
 .comment       0x00000026       0x27 build/list.o
 .comment       0x00000026       0x27 build/keyboard.o
 .comment       0x00000026       0x27 build/console.o
 .comment       0x00000026       0x27 build/sync.o
 .comment       0x00000026       0x27 build/ioqueue.o

.gnu.build.attributes
 *(.gnu.build.attributes .gnu.build.attributes.*)

.debug
 *(.debug)

.line
 *(.line)

.debug_srcinfo
 *(.debug_srcinfo)

.debug_sfnames
 *(.debug_sfnames)

.debug_aranges  0x00000000      0x220
 *(.debug_aranges)
 .debug_aranges
                0x00000000       0x20 build/main.o
 .debug_aranges
                0x00000020       0x20 build/init.o
 .debug_aranges
                0x00000040       0x20 build/interrupt.o
 .debug_aranges
                0x00000060       0x20 build/time.o
 .debug_aranges
                0x00000080       0x20 build/kernel.o
 .debug_aranges
                0x000000a0       0x20 build/print.o
 .debug_aranges
                0x000000c0       0x20 build/debug.o
 .debug_aranges
                0x000000e0       0x20 build/memory.o
 .debug_aranges
                0x00000100       0x20 build/bitmap.o
 .debug_aranges
                0x00000120       0x20 build/string.o
 .debug_aranges
                0x00000140       0x20 build/thread.o
 .debug_aranges
                0x00000160       0x20 build/list.o
 .debug_aranges
                0x00000180       0x20 build/switch.o
 .debug_aranges
                0x000001a0       0x20 build/keyboard.o
 .debug_aranges
                0x000001c0       0x20 build/console.o
 .debug_aranges
                0x000001e0       0x20 build/sync.o
 .debug_aranges
                0x00000200       0x20 build/ioqueue.o

.debug_pubnames
                0x00000000        0x0
 *(.debug_pubnames)
 .debug_pubnames
                0x00000000        0x0 build/kernel.o
 .debug_pubnames
                0x00000000        0x0 build/print.o
 .debug_pubnames
                0x00000000        0x0 build/switch.o

.debug_info     0x00000000     0x33c1
 *(.debug_info .gnu.linkonce.wi.*)
 .debug_info    0x00000000       0xd3 build/main.o
 .debug_info    0x000000d3       0xd2 build/init.o
 .debug_info    0x000001a5      0x3d9 build/interrupt.o
 .debug_info    0x0000057e      0x317 build/time.o
 .debug_info    0x00000895       0x6d build/kernel.o
 .debug_info    0x00000902       0x74 build/print.o
 .debug_info    0x00000976      0x11d build/debug.o
 .debug_info    0x00000a93      0x5ac build/memory.o
 .debug_info    0x0000103f      0x2b1 build/bitmap.o
 .debug_info    0x000012f0      0x443 build/string.o
 .debug_info    0x00001733      0x6ec build/thread.o
 .debug_info    0x00001e1f      0x353 build/list.o
 .debug_info    0x00002172       0x6d build/switch.o
 .debug_info    0x000021df      0x4b2 build/keyboard.o
 .debug_info    0x00002691      0x326 build/console.o
 .debug_info    0x000029b7      0x4b8 build/sync.o
 .debug_info    0x00002e6f      0x552 build/ioqueue.o

.debug_abbrev   0x00000000     0x14ac
 *(.debug_abbrev)
 .debug_abbrev  0x00000000       0xb5 build/main.o
 .debug_abbrev  0x000000b5       0x93 build/init.o
 .debug_abbrev  0x00000148      0x231 build/interrupt.o
 .debug_abbrev  0x00000379      0x18a build/time.o
 .debug_abbrev  0x00000503       0x1d build/kernel.o
 .debug_abbrev  0x00000520       0x1d build/print.o
 .debug_abbrev  0x0000053d       0xce build/debug.o
 .debug_abbrev  0x0000060b      0x25b build/memory.o
 .debug_abbrev  0x00000866      0x155 build/bitmap.o
 .debug_abbrev  0x000009bb      0x12c build/string.o
 .debug_abbrev  0x00000ae7      0x269 build/thread.o
 .debug_abbrev  0x00000d50      0x171 build/list.o
 .debug_abbrev  0x00000ec1       0x1d build/switch.o
 .debug_abbrev  0x00000ede      0x182 build/keyboard.o
 .debug_abbrev  0x00001060      0x11e build/console.o
 .debug_abbrev  0x0000117e      0x15f build/sync.o
 .debug_abbrev  0x000012dd      0x1cf build/ioqueue.o

.debug_line     0x00000000     0x1883
 *(.debug_line .debug_line.* .debug_line_end)
 .debug_line    0x00000000       0x6a build/main.o
 .debug_line    0x0000006a       0x88 build/init.o
 .debug_line    0x000000f2      0x1d9 build/interrupt.o
 .debug_line    0x000002cb       0xe7 build/time.o
 .debug_line    0x000003b2      0x346 build/kernel.o
 .debug_line    0x000006f8       0xc1 build/print.o
 .debug_line    0x000007b9       0x7f build/debug.o
 .debug_line    0x00000838      0x273 build/memory.o
 .debug_line    0x00000aab      0x17a build/bitmap.o
 .debug_line    0x00000c25      0x2a7 build/string.o
 .debug_line    0x00000ecc      0x234 build/thread.o
 .debug_line    0x00001100      0x151 build/list.o
 .debug_line    0x00001251       0x49 build/switch.o
 .debug_line    0x0000129a      0x1dc build/keyboard.o
 .debug_line    0x00001476       0xbc build/console.o
 .debug_line    0x00001532      0x1a9 build/sync.o
 .debug_line    0x000016db      0x1a8 build/ioqueue.o

.debug_frame    0x00000000        0x0
 *(.debug_frame)
 .debug_frame   0x00000000        0x0 build/kernel.o
 .debug_frame   0x00000000        0x0 build/print.o
 .debug_frame   0x00000000        0x0 build/switch.o

.debug_str      0x00000000      0xa75
 *(.debug_str)
 .debug_str     0x00000000      0xa75 build/main.o
                                0x137 (size before relaxing)
 .debug_str     0x00000a75      0x14d build/init.o
 .debug_str     0x00000a75      0x2f0 build/interrupt.o
 .debug_str     0x00000a75      0x2b2 build/time.o
 .debug_str     0x00000a75      0x163 build/debug.o
 .debug_str     0x00000a75      0x35e build/memory.o
 .debug_str     0x00000a75      0x1da build/bitmap.o
 .debug_str     0x00000a75      0x192 build/string.o
 .debug_str     0x00000a75      0x3fc build/thread.o
 .debug_str     0x00000a75      0x20f build/list.o
 .debug_str     0x00000a75      0x384 build/keyboard.o
 .debug_str     0x00000a75      0x2d4 build/console.o
 .debug_str     0x00000a75      0x335 build/sync.o
 .debug_str     0x00000a75      0x336 build/ioqueue.o

.debug_loc      0x00000000        0x0
 *(.debug_loc)
 .debug_loc     0x00000000        0x0 build/kernel.o
 .debug_loc     0x00000000        0x0 build/print.o
 .debug_loc     0x00000000        0x0 build/switch.o

.debug_macinfo
 *(.debug_macinfo)

.debug_weaknames
 *(.debug_weaknames)

.debug_funcnames
 *(.debug_funcnames)

.debug_typenames
 *(.debug_typenames)

.debug_varnames
 *(.debug_varnames)

.debug_pubtypes
 *(.debug_pubtypes)

.debug_ranges
 *(.debug_ranges)

.debug_addr
 *(.debug_addr)

.debug_line_str
                0x00000000      0x1aa
 *(.debug_line_str)
 .debug_line_str
                0x00000000      0x1aa build/main.o
                                 0x8f (size before relaxing)
 .debug_line_str
                0x000001aa       0xc4 build/init.o
 .debug_line_str
                0x000001aa       0xa9 build/interrupt.o
 .debug_line_str
                0x000001aa       0xc0 build/time.o
 .debug_line_str
                0x000001aa       0x98 build/debug.o
 .debug_line_str
                0x000001aa       0xb2 build/memory.o
 .debug_line_str
                0x000001aa       0xa5 build/bitmap.o
 .debug_line_str
                0x000001aa       0x81 build/string.o
 .debug_line_str
                0x000001aa       0xcc build/thread.o
 .debug_line_str
                0x000001aa       0x98 build/list.o
 .debug_line_str
                0x000001aa       0xd5 build/keyboard.o
 .debug_line_str
                0x000001aa       0xb0 build/console.o
 .debug_line_str
                0x000001aa       0xb3 build/sync.o
 .debug_line_str
                0x000001aa       0xcd build/ioqueue.o

.debug_loclists
 *(.debug_loclists)

.debug_macro
 *(.debug_macro)

.debug_names
 *(.debug_names)

.debug_rnglists
                0x00000000       0x22
 *(.debug_rnglists)
 .debug_rnglists
                0x00000000       0x22 build/keyboard.o

.debug_str_offsets
 *(.debug_str_offsets)

.debug_sup
 *(.debug_sup)

.gnu.attributes
 *(.gnu.attributes)

/DISCARD/
 *(.note.GNU-stack)
 *(.gnu_debuglink)
 *(.gnu.lto_*)
OUTPUT(build/kernel.bin elf32-i386)
