
Discarded input sections

 .group         0x00000000        0x8 build/main.o
 .note.GNU-stack
                0x00000000        0x0 build/main.o
 .group         0x00000000        0x8 build/init.o
 .text.__x86.get_pc_thunk.bx
                0x00000000        0x4 build/init.o
 .note.GNU-stack
                0x00000000        0x0 build/init.o
 .group         0x00000000        0x8 build/console.o
 .group         0x00000000        0x8 build/console.o
 .text.__x86.get_pc_thunk.bx
                0x00000000        0x4 build/console.o
 .note.GNU-stack
                0x00000000        0x0 build/console.o
 .group         0x00000000        0x8 build/sync.o
 .group         0x00000000        0x8 build/sync.o
 .text.__x86.get_pc_thunk.ax
                0x00000000        0x4 build/sync.o
 .text.__x86.get_pc_thunk.bx
                0x00000000        0x4 build/sync.o
 .note.GNU-stack
                0x00000000        0x0 build/sync.o
 .group         0x00000000        0x8 build/interrupt.o
 .group         0x00000000        0x8 build/interrupt.o
 .text.__x86.get_pc_thunk.ax
                0x00000000        0x4 build/interrupt.o
 .text.__x86.get_pc_thunk.bx
                0x00000000        0x4 build/interrupt.o
 .note.GNU-stack
                0x00000000        0x0 build/interrupt.o
 .group         0x00000000        0x8 build/time.o
 .group         0x00000000        0x8 build/time.o
 .text.__x86.get_pc_thunk.ax
                0x00000000        0x4 build/time.o
 .text.__x86.get_pc_thunk.bx
                0x00000000        0x4 build/time.o
 .note.GNU-stack
                0x00000000        0x0 build/time.o
 .group         0x00000000        0x8 build/debug.o
 .text.__x86.get_pc_thunk.bx
                0x00000000        0x4 build/debug.o
 .note.GNU-stack
                0x00000000        0x0 build/debug.o
 .group         0x00000000        0x8 build/memory.o
 .group         0x00000000        0x8 build/memory.o
 .text.__x86.get_pc_thunk.ax
                0x00000000        0x4 build/memory.o
 .text.__x86.get_pc_thunk.bx
                0x00000000        0x4 build/memory.o
 .note.GNU-stack
                0x00000000        0x0 build/memory.o
 .group         0x00000000        0x8 build/bitmap.o
 .text.__x86.get_pc_thunk.ax
                0x00000000        0x4 build/bitmap.o
 .note.GNU-stack
                0x00000000        0x0 build/bitmap.o
 .group         0x00000000        0x8 build/string.o
 .text.__x86.get_pc_thunk.ax
                0x00000000        0x4 build/string.o
 .note.GNU-stack
                0x00000000        0x0 build/string.o
 .group         0x00000000        0x8 build/thread.o
 .group         0x00000000        0x8 build/thread.o
 .group         0x00000000        0x8 build/thread.o
 .text.__x86.get_pc_thunk.ax
                0x00000000        0x4 build/thread.o
 .text.__x86.get_pc_thunk.bx
                0x00000000        0x4 build/thread.o
 .note.GNU-stack
                0x00000000        0x0 build/thread.o
 .group         0x00000000        0x8 build/list.o
 .group         0x00000000        0x8 build/list.o
 .text.__x86.get_pc_thunk.ax
                0x00000000        0x4 build/list.o
 .text.__x86.get_pc_thunk.bx
                0x00000000        0x4 build/list.o
 .note.GNU-stack
                0x00000000        0x0 build/list.o

Memory Configuration

Name             Origin             Length             Attributes
*default*        0x00000000         0xffffffff

Linker script and memory map

Address of section .text set to 0xc0001500
LOAD build/main.o
LOAD build/init.o
LOAD build/console.o
LOAD build/sync.o
LOAD build/interrupt.o
LOAD build/time.o
LOAD build/kernel.o
LOAD build/print.o
LOAD build/debug.o
LOAD build/memory.o
LOAD build/bitmap.o
LOAD build/string.o
LOAD build/thread.o
LOAD build/list.o
LOAD build/switch.o
                [!provide]                        PROVIDE (__executable_start = SEGMENT_START ("text-segment", 0x8048000))
                0x080480f4                        . = (SEGMENT_START ("text-segment", 0x8048000) + SIZEOF_HEADERS)

.interp
 *(.interp)

.note.gnu.build-id
 *(.note.gnu.build-id)

.hash
 *(.hash)

.gnu.hash
 *(.gnu.hash)

.dynsym
 *(.dynsym)

.dynstr
 *(.dynstr)

.gnu.version
 *(.gnu.version)

.gnu.version_d
 *(.gnu.version_d)

.gnu.version_r
 *(.gnu.version_r)

.rel.dyn        0x080480f4        0x0
 *(.rel.init)
 *(.rel.text .rel.text.* .rel.gnu.linkonce.t.*)
 *(.rel.fini)
 *(.rel.rodata .rel.rodata.* .rel.gnu.linkonce.r.*)
 *(.rel.data.rel.ro .rel.data.rel.ro.* .rel.gnu.linkonce.d.rel.ro.*)
 *(.rel.data .rel.data.* .rel.gnu.linkonce.d.*)
 *(.rel.tdata .rel.tdata.* .rel.gnu.linkonce.td.*)
 *(.rel.tbss .rel.tbss.* .rel.gnu.linkonce.tb.*)
 *(.rel.ctors)
 *(.rel.dtors)
 *(.rel.got)
 .rel.got       0x080480f4        0x0 build/main.o
 *(.rel.bss .rel.bss.* .rel.gnu.linkonce.b.*)
 *(.rel.ifunc)

.rel.plt        0x080480f4        0x0
 *(.rel.plt)
                [!provide]                        PROVIDE (__rel_iplt_start = .)
 *(.rel.iplt)
 .rel.iplt      0x080480f4        0x0 build/main.o
                [!provide]                        PROVIDE (__rel_iplt_end = .)

.relr.dyn
 *(.relr.dyn)
                0x08049000                        . = ALIGN (CONSTANT (MAXPAGESIZE))

.init
 *(SORT_NONE(.init))

.plt            0x08049000        0x0
 *(.plt)
 *(.iplt)
 .iplt          0x08049000        0x0 build/main.o

.plt.got
 *(.plt.got)

.plt.sec
 *(.plt.sec)

.text           0xc0001500     0x2895
 *(.text.unlikely .text.*_unlikely .text.unlikely.*)
 *(.text.exit .text.exit.*)
 *(.text.startup .text.startup.*)
 *(.text.hot .text.hot.*)
 *(SORT_BY_NAME(.text.sorted.*))
 *(.text .stub .text.* .gnu.linkonce.t.*)
 .text          0xc0001500       0xd8 build/main.o
                0xc0001500                main
                0xc0001588                k_thread_a
                0xc00015b0                k_thread_b
 .text.__x86.get_pc_thunk.bx
                0xc00015d8        0x4 build/main.o
                0xc00015d8                __x86.get_pc_thunk.bx
 .text          0xc00015dc       0x43 build/init.o
                0xc00015dc                init_all
 .text          0xc000161f      0x119 build/console.o
                0xc000161f                console_init
                0xc000164a                console_acquire
                0xc0001675                console_release
                0xc00016a0                console_put_str
                0xc00016d0                console_put_char
                0xc0001708                console_put_int
 .text.__x86.get_pc_thunk.ax
                0xc0001738        0x4 build/console.o
                0xc0001738                __x86.get_pc_thunk.ax
 .text          0xc000173c      0x395 build/sync.o
                0xc000173c                sema_init
                0xc0001776                lock_init
                0xc00017b0                sema_down
                0xc00018cc                sema_up
                0xc0001996                lock_acquire
                0xc0001a1c                lock_release
 .text          0xc0001ad1      0x4f5 build/interrupt.o
                0xc0001d56                register_handler
                0xc0001ea7                idt_init
                0xc0001f13                intr_get_status
                0xc0001f41                intr_enable
                0xc0001f73                intr_disable
                0xc0001fa5                intr_set_status
 .text          0xc0001fc6      0x1b4 build/time.o
                0xc0002112                timer_init
 *fill*         0xc000217a        0x6 
 .text          0xc0002180      0x393 build/kernel.o
                0xc0002180                intr_exit
 *fill*         0xc0002513        0xd 
 .text          0xc0002520      0x14e build/print.o
                0xc0002520                put_str
                0xc000253e                put_char
                0xc00025ed                set_cursor
                0xc000260b                put_int
 .text          0xc000266e       0xf5 build/debug.o
                0xc000266e                panic_spin
 .text          0xc0002763      0x620 build/memory.o
                0xc0002a0a                pte_ptr
                0xc0002a44                pde_ptr
                0xc0002c0c                malloc_page
                0xc0002ce5                get_kernel_pages
                0xc0002d2f                mem_init
 .text          0xc0002d83      0x287 build/bitmap.o
                0xc0002d83                bitmap_init
                0xc0002db6                bitmap_scan_test
                0xc0002dff                bitmap_scan
                0xc0002f42                bitmap_set
 .text          0xc000300a      0x4b0 build/string.o
                0xc000300a                memset
                0xc0003073                memcpy
                0xc00030ea                memcpm
                0xc0003183                strcpy
                0xc00031ee                strlen
                0xc000324b                strcmp
                0xc00032d4                strchr
                0xc0003345                strrchr
                0xc00033bc                strcat
                0xc000343f                strchrs
 .text          0xc00034ba      0x654 build/thread.o
                0xc00034ba                running_thread
                0xc0003505                thread_create
                0xc0003589                init_thread
                0xc000362c                thread_start
                0xc000372e                schedule
                0xc0003910                thread_block
                0xc0003988                thread_unblock
                0xc0003aa9                thread_init
 .text.__x86.get_pc_thunk.dx
                0xc0003b0e        0x4 build/thread.o
                0xc0003b0e                __x86.get_pc_thunk.dx
 .text          0xc0003b12      0x25f build/list.o
                0xc0003b12                list_init
                0xc0003b4a                list_insert_before
                0xc0003b9e                list_push
                0xc0003bc6                list_append
                0xc0003bee                list_remove
                0xc0003c37                list_pop
                0xc0003c63                elem_find
                0xc0003ca8                list_traversal
                0xc0003d0f                list_len
                0xc0003d4e                list_empty
 *fill*         0xc0003d71        0xf 
 .text          0xc0003d80       0x15 build/switch.o
                0xc0003d80                switch_to
 *(.gnu.warning)

.fini
 *(SORT_NONE(.fini))
                [!provide]                        PROVIDE (__etext = .)
                [!provide]                        PROVIDE (_etext = .)
                [!provide]                        PROVIDE (etext = .)
                0xc0004000                        . = ALIGN (CONSTANT (MAXPAGESIZE))
                0xc0004000                        . = SEGMENT_START ("rodata-segment", (ALIGN (CONSTANT (MAXPAGESIZE)) + (. & (CONSTANT (MAXPAGESIZE) - 0x1))))

.rodata         0xc0004000      0xa17
 *(.rodata .rodata.* .gnu.linkonce.r.*)
 .rodata        0xc0004000       0x35 build/main.o
 .rodata        0xc0004035        0xa build/init.o
 *fill*         0xc000403f        0x1 
 .rodata        0xc0004040      0x135 build/sync.o
 *fill*         0xc0004175        0x3 
 .rodata        0xc0004178      0x2d5 build/interrupt.o
 *fill*         0xc000444d        0x3 
 .rodata        0xc0004450       0x6b build/time.o
 .rodata        0xc00044bb       0x41 build/debug.o
 .rodata        0xc00044fc      0x138 build/memory.o
 .rodata        0xc0004634       0x6b build/bitmap.o
 *fill*         0xc000469f        0x1 
 .rodata        0xc00046a0       0xac build/string.o
 .rodata        0xc000474c      0x2cb build/thread.o

.rodata1
 *(.rodata1)

.eh_frame_hdr
 *(.eh_frame_hdr)
 *(.eh_frame_entry .eh_frame_entry.*)

.eh_frame       0xc0004a18      0xaa8
 *(.eh_frame)
 .eh_frame      0xc0004a18       0x8c build/main.o
 .eh_frame      0xc0004aa4       0x24 build/init.o
                                 0x50 (size before relaxing)
 .eh_frame      0xc0004ac8       0xec build/console.o
                                0x118 (size before relaxing)
 .eh_frame      0xc0004bb4       0xdc build/sync.o
                                0x11c (size before relaxing)
 .eh_frame      0xc0004c90      0x190 build/interrupt.o
                                0x1d0 (size before relaxing)
 .eh_frame      0xc0004e20       0x94 build/time.o
                                 0xd4 (size before relaxing)
 .eh_frame      0xc0004eb4       0x1c build/debug.o
                                 0x48 (size before relaxing)
 .eh_frame      0xc0004ed0      0x13c build/memory.o
                                0x17c (size before relaxing)
 .eh_frame      0xc000500c       0x90 build/bitmap.o
                                 0xbc (size before relaxing)
 .eh_frame      0xc000509c      0x168 build/string.o
                                0x194 (size before relaxing)
 .eh_frame      0xc0005204      0x174 build/thread.o
                                0x1b4 (size before relaxing)
 .eh_frame      0xc0005378      0x148 build/list.o
                                0x188 (size before relaxing)
 *(.eh_frame.*)

.sframe
 *(.sframe)
 *(.sframe.*)

.gcc_except_table
 *(.gcc_except_table .gcc_except_table.*)

.gnu_extab
 *(.gnu_extab*)

.exception_ranges
 *(.exception_ranges*)
                0xc0006ff4                        . = DATA_SEGMENT_ALIGN (CONSTANT (MAXPAGESIZE), CONSTANT (COMMONPAGESIZE))

.eh_frame
 *(.eh_frame)
 *(.eh_frame.*)

.sframe
 *(.sframe)
 *(.sframe.*)

.gnu_extab
 *(.gnu_extab)

.gcc_except_table
 *(.gcc_except_table .gcc_except_table.*)

.exception_ranges
 *(.exception_ranges*)

.tdata          0xc0006ff4        0x0
                [!provide]                        PROVIDE (__tdata_start = .)
 *(.tdata .tdata.* .gnu.linkonce.td.*)

.tbss
 *(.tbss .tbss.* .gnu.linkonce.tb.*)
 *(.tcommon)

.preinit_array  0xc0006ff4        0x0
                [!provide]                        PROVIDE (__preinit_array_start = .)
 *(.preinit_array)
                [!provide]                        PROVIDE (__preinit_array_end = .)

.init_array     0xc0006ff4        0x0
                [!provide]                        PROVIDE (__init_array_start = .)
 *(SORT_BY_INIT_PRIORITY(.init_array.*) SORT_BY_INIT_PRIORITY(.ctors.*))
 *(.init_array EXCLUDE_FILE(*crtend?.o *crtend.o *crtbegin?.o *crtbegin.o) .ctors)
                [!provide]                        PROVIDE (__init_array_end = .)

.fini_array     0xc0006ff4        0x0
                [!provide]                        PROVIDE (__fini_array_start = .)
 *(SORT_BY_INIT_PRIORITY(.fini_array.*) SORT_BY_INIT_PRIORITY(.dtors.*))
 *(.fini_array EXCLUDE_FILE(*crtend?.o *crtend.o *crtbegin?.o *crtbegin.o) .dtors)
                [!provide]                        PROVIDE (__fini_array_end = .)

.ctors
 *crtbegin.o(.ctors)
 *crtbegin?.o(.ctors)
 *(EXCLUDE_FILE(*crtend?.o *crtend.o) .ctors)
 *(SORT_BY_NAME(.ctors.*))
 *(.ctors)

.dtors
 *crtbegin.o(.dtors)
 *crtbegin?.o(.dtors)
 *(EXCLUDE_FILE(*crtend?.o *crtend.o) .dtors)
 *(SORT_BY_NAME(.dtors.*))
 *(.dtors)

.jcr
 *(.jcr)

.data.rel.ro
 *(.data.rel.ro.local* .gnu.linkonce.d.rel.ro.local.*)
 *(.data.rel.ro .data.rel.ro.* .gnu.linkonce.d.rel.ro.*)

.dynamic
 *(.dynamic)

.got            0xc0006ff4        0x0
 *(.got)
 .got           0xc0006ff4        0x0 build/main.o
 *(.igot)
                0xc0006ff4                        . = DATA_SEGMENT_RELRO_END (., (SIZEOF (.got.plt) >= 0xc)?0xc:0x0)

.got.plt        0xc0006ff4        0xc
 *(.got.plt)
 .got.plt       0xc0006ff4        0xc build/main.o
                0xc0006ff4                _GLOBAL_OFFSET_TABLE_
 *(.igot.plt)
 .igot.plt      0xc0007000        0x0 build/main.o

.data           0xc0007000       0x8c
 *(.data .data.* .gnu.linkonce.d.*)
 .data          0xc0007000        0x0 build/main.o
 .data          0xc0007000        0x0 build/init.o
 .data          0xc0007000        0x0 build/console.o
 .data          0xc0007000        0x0 build/sync.o
 .data          0xc0007000        0x0 build/interrupt.o
 .data          0xc0007000        0x0 build/time.o
 .data          0xc0007000       0x84 build/kernel.o
                0xc0007000                intr_entry_table
 .data          0xc0007084        0x8 build/print.o
 .data          0xc000708c        0x0 build/debug.o
 .data          0xc000708c        0x0 build/memory.o
 .data          0xc000708c        0x0 build/bitmap.o
 .data          0xc000708c        0x0 build/string.o
 .data          0xc000708c        0x0 build/thread.o
 .data          0xc000708c        0x0 build/list.o

.data1
 *(.data1)
                0xc000708c                        _edata = .
                [!provide]                        PROVIDE (edata = .)
                0xc000708c                        . = ALIGN (ALIGNOF (NEXT_SECTION))
                0xc00070a0                        __bss_start = .

.bss            0xc00070a0      0x2c0
 *(.dynbss)
 *(.bss .bss.* .gnu.linkonce.b.*)
 .bss           0xc00070a0        0x0 build/main.o
 .bss           0xc00070a0        0x0 build/init.o
 .bss           0xc00070a0       0x1c build/console.o
 .bss           0xc00070bc        0x0 build/sync.o
 *fill*         0xc00070bc        0x4 
 .bss           0xc00070c0      0x248 build/interrupt.o
                0xc00070c0                intr_name
                0xc0007160                idt_table
 .bss           0xc0007308        0x4 build/time.o
                0xc0007308                ticks
 .bss           0xc000730c        0x0 build/debug.o
 .bss           0xc000730c       0x2c build/memory.o
                0xc000730c                kernel_pool
                0xc000731c                user_pool
                0xc000732c                kernel_vaddr
 .bss           0xc0007338        0x0 build/bitmap.o
 .bss           0xc0007338        0x0 build/string.o
 .bss           0xc0007338       0x28 build/thread.o
                0xc0007338                main_thread
                0xc000733c                thread_ready_list
                0xc000734c                thread_all_list
 .bss           0xc0007360        0x0 build/list.o
 *(COMMON)
                0xc0007360                        . = ALIGN ((. != 0x0)?0x4:0x1)
                0xc0007360                        . = ALIGN (0x4)
                0xc0007360                        . = SEGMENT_START ("ldata-segment", .)
                0xc0007360                        . = ALIGN (0x4)
                0xc0007360                        _end = .
                [!provide]                        PROVIDE (end = .)
                0xc0007360                        . = DATA_SEGMENT_END (.)

.stab
 *(.stab)

.stabstr
 *(.stabstr)

.stab.excl
 *(.stab.excl)

.stab.exclstr
 *(.stab.exclstr)

.stab.index
 *(.stab.index)

.stab.indexstr
 *(.stab.indexstr)

.comment        0x00000000       0x26
 *(.comment)
 .comment       0x00000000       0x26 build/main.o
                                 0x27 (size before relaxing)
 .comment       0x00000026       0x27 build/init.o
 .comment       0x00000026       0x27 build/console.o
 .comment       0x00000026       0x27 build/sync.o
 .comment       0x00000026       0x27 build/interrupt.o
 .comment       0x00000026       0x27 build/time.o
 .comment       0x00000026       0x27 build/debug.o
 .comment       0x00000026       0x27 build/memory.o
 .comment       0x00000026       0x27 build/bitmap.o
 .comment       0x00000026       0x27 build/string.o
 .comment       0x00000026       0x27 build/thread.o
 .comment       0x00000026       0x27 build/list.o

.gnu.build.attributes
 *(.gnu.build.attributes .gnu.build.attributes.*)

.debug
 *(.debug)

.line
 *(.line)

.debug_srcinfo
 *(.debug_srcinfo)

.debug_sfnames
 *(.debug_sfnames)

.debug_aranges  0x00000000      0x1e0
 *(.debug_aranges)
 .debug_aranges
                0x00000000       0x20 build/main.o
 .debug_aranges
                0x00000020       0x20 build/init.o
 .debug_aranges
                0x00000040       0x20 build/console.o
 .debug_aranges
                0x00000060       0x20 build/sync.o
 .debug_aranges
                0x00000080       0x20 build/interrupt.o
 .debug_aranges
                0x000000a0       0x20 build/time.o
 .debug_aranges
                0x000000c0       0x20 build/kernel.o
 .debug_aranges
                0x000000e0       0x20 build/print.o
 .debug_aranges
                0x00000100       0x20 build/debug.o
 .debug_aranges
                0x00000120       0x20 build/memory.o
 .debug_aranges
                0x00000140       0x20 build/bitmap.o
 .debug_aranges
                0x00000160       0x20 build/string.o
 .debug_aranges
                0x00000180       0x20 build/thread.o
 .debug_aranges
                0x000001a0       0x20 build/list.o
 .debug_aranges
                0x000001c0       0x20 build/switch.o

.debug_pubnames
                0x00000000        0x0
 *(.debug_pubnames)
 .debug_pubnames
                0x00000000        0x0 build/kernel.o
 .debug_pubnames
                0x00000000        0x0 build/print.o
 .debug_pubnames
                0x00000000        0x0 build/switch.o

.debug_info     0x00000000     0x2b7d
 *(.debug_info .gnu.linkonce.wi.*)
 .debug_info    0x00000000      0x2a1 build/main.o
 .debug_info    0x000002a1       0xc5 build/init.o
 .debug_info    0x00000366      0x326 build/console.o
 .debug_info    0x0000068c      0x4b8 build/sync.o
 .debug_info    0x00000b44      0x3d8 build/interrupt.o
 .debug_info    0x00000f1c      0x317 build/time.o
 .debug_info    0x00001233       0x6d build/kernel.o
 .debug_info    0x000012a0       0x74 build/print.o
 .debug_info    0x00001314      0x11d build/debug.o
 .debug_info    0x00001431      0x5ac build/memory.o
 .debug_info    0x000019dd      0x2b1 build/bitmap.o
 .debug_info    0x00001c8e      0x443 build/string.o
 .debug_info    0x000020d1      0x6ec build/thread.o
 .debug_info    0x000027bd      0x353 build/list.o
 .debug_info    0x00002b10       0x6d build/switch.o

.debug_abbrev   0x00000000     0x120e
 *(.debug_abbrev)
 .debug_abbrev  0x00000000      0x168 build/main.o
 .debug_abbrev  0x00000168       0x93 build/init.o
 .debug_abbrev  0x000001fb      0x11e build/console.o
 .debug_abbrev  0x00000319      0x15f build/sync.o
 .debug_abbrev  0x00000478      0x231 build/interrupt.o
 .debug_abbrev  0x000006a9      0x18a build/time.o
 .debug_abbrev  0x00000833       0x1d build/kernel.o
 .debug_abbrev  0x00000850       0x1d build/print.o
 .debug_abbrev  0x0000086d       0xce build/debug.o
 .debug_abbrev  0x0000093b      0x25b build/memory.o
 .debug_abbrev  0x00000b96      0x155 build/bitmap.o
 .debug_abbrev  0x00000ceb      0x12c build/string.o
 .debug_abbrev  0x00000e17      0x269 build/thread.o
 .debug_abbrev  0x00001080      0x171 build/list.o
 .debug_abbrev  0x000011f1       0x1d build/switch.o

.debug_line     0x00000000     0x144e
 *(.debug_line .debug_line.* .debug_line_end)
 .debug_line    0x00000000       0xaf build/main.o
 .debug_line    0x000000af       0x82 build/init.o
 .debug_line    0x00000131       0xbc build/console.o
 .debug_line    0x000001ed      0x1a9 build/sync.o
 .debug_line    0x00000396      0x1d9 build/interrupt.o
 .debug_line    0x0000056f       0xe7 build/time.o
 .debug_line    0x00000656      0x256 build/kernel.o
 .debug_line    0x000008ac       0xc1 build/print.o
 .debug_line    0x0000096d       0x7f build/debug.o
 .debug_line    0x000009ec      0x273 build/memory.o
 .debug_line    0x00000c5f      0x17a build/bitmap.o
 .debug_line    0x00000dd9      0x2a7 build/string.o
 .debug_line    0x00001080      0x234 build/thread.o
 .debug_line    0x000012b4      0x151 build/list.o
 .debug_line    0x00001405       0x49 build/switch.o

.debug_frame    0x00000000        0x0
 *(.debug_frame)
 .debug_frame   0x00000000        0x0 build/kernel.o
 .debug_frame   0x00000000        0x0 build/print.o
 .debug_frame   0x00000000        0x0 build/switch.o

.debug_str      0x00000000      0x950
 *(.debug_str)
 .debug_str     0x00000000      0x950 build/main.o
                                0x261 (size before relaxing)
 .debug_str     0x00000950      0x13f build/init.o
 .debug_str     0x00000950      0x2d4 build/console.o
 .debug_str     0x00000950      0x335 build/sync.o
 .debug_str     0x00000950      0x2f0 build/interrupt.o
 .debug_str     0x00000950      0x2b2 build/time.o
 .debug_str     0x00000950      0x163 build/debug.o
 .debug_str     0x00000950      0x35e build/memory.o
 .debug_str     0x00000950      0x1da build/bitmap.o
 .debug_str     0x00000950      0x192 build/string.o
 .debug_str     0x00000950      0x3fc build/thread.o
 .debug_str     0x00000950      0x20f build/list.o

.debug_loc      0x00000000        0x0
 *(.debug_loc)
 .debug_loc     0x00000000        0x0 build/kernel.o
 .debug_loc     0x00000000        0x0 build/print.o
 .debug_loc     0x00000000        0x0 build/switch.o

.debug_macinfo
 *(.debug_macinfo)

.debug_weaknames
 *(.debug_weaknames)

.debug_funcnames
 *(.debug_funcnames)

.debug_typenames
 *(.debug_typenames)

.debug_varnames
 *(.debug_varnames)

.debug_pubtypes
 *(.debug_pubtypes)

.debug_ranges
 *(.debug_ranges)

.debug_addr
 *(.debug_addr)

.debug_line_str
                0x00000000      0x172
 *(.debug_line_str)
 .debug_line_str
                0x00000000      0x172 build/main.o
                                 0xc4 (size before relaxing)
 .debug_line_str
                0x00000172       0xb9 build/init.o
 .debug_line_str
                0x00000172       0xb0 build/console.o
 .debug_line_str
                0x00000172       0xb3 build/sync.o
 .debug_line_str
                0x00000172       0xa9 build/interrupt.o
 .debug_line_str
                0x00000172       0xc0 build/time.o
 .debug_line_str
                0x00000172       0x98 build/debug.o
 .debug_line_str
                0x00000172       0xb2 build/memory.o
 .debug_line_str
                0x00000172       0xa5 build/bitmap.o
 .debug_line_str
                0x00000172       0x81 build/string.o
 .debug_line_str
                0x00000172       0xcc build/thread.o
 .debug_line_str
                0x00000172       0x98 build/list.o

.debug_loclists
 *(.debug_loclists)

.debug_macro
 *(.debug_macro)

.debug_names
 *(.debug_names)

.debug_rnglists
 *(.debug_rnglists)

.debug_str_offsets
 *(.debug_str_offsets)

.debug_sup
 *(.debug_sup)

.gnu.attributes
 *(.gnu.attributes)

/DISCARD/
 *(.note.GNU-stack)
 *(.gnu_debuglink)
 *(.gnu.lto_*)
OUTPUT(build/kernel.bin elf32-i386)
